<style>
  <id>StyleInfoImpl-3f088908:1675eed67b6:-713c</id>
  <name>received_vs_expected</name>
  <workspace>
    <id>WorkspaceInfoImpl-3f088908:166c31db6dd:5c09</id>
  </workspace>
  <format>sld</format>
  <languageVersion>
    <version>1.0.0</version>
  </languageVersion>
  <filename>received_vs_expected.sld</filename>
</style>